2026-03-25 20:53:02,796 - INFO - Starting armor update batch 2...
2026-03-25 20:53:02,796 - INFO - Loading site/data/armor.json...
2026-03-25 20:53:02,796 - INFO - Loaded site/data/armor.json successfully.
2026-03-25 20:53:02,796 - INFO - Applying updates to English data...
2026-03-25 20:53:02,796 - INFO - Adding items to group 'PL 7'...
2026-03-25 20:53:02,796 - INFO - Extended group 'PL 7' with 3 items.
2026-03-25 20:53:02,796 - INFO - Adding items to group 'PL 8'...
2026-03-25 20:53:02,796 - INFO - Extended group 'PL 8' with 3 items.
2026-03-25 20:53:02,796 - INFO - Adding items to group 'PL 7'...
2026-03-25 20:53:02,796 - INFO - Extended group 'PL 7' with 1 items.
2026-03-25 20:53:02,796 - INFO - Adding items to group 'PL 8'...
2026-03-25 20:53:02,796 - INFO - Extended group 'PL 8' with 1 items.
2026-03-25 20:53:02,796 - INFO - Adding items to group 'PL 7'...
2026-03-25 20:53:02,796 - INFO - Extended group 'PL 7' with 1 items.
2026-03-25 20:53:02,796 - INFO - Adding items to group 'PL 8'...
2026-03-25 20:53:02,796 - INFO - Extended group 'PL 8' with 1 items.
2026-03-25 20:53:02,796 - INFO - Loading site/data/armor.es.json...
2026-03-25 20:53:02,797 - INFO - Applying translations to Spanish data...
2026-03-25 20:53:02,797 - INFO - Added translated item 'Hide armor' to Spanish data.
2026-03-25 20:53:02,797 - INFO - Added translated item 'Leather armor' to Spanish data.
2026-03-25 20:53:02,797 - INFO - Added translated item 'Helm' to Spanish data.
2026-03-25 20:53:02,797 - INFO - Added translated item 'Shield, small' to Spanish data.
2026-03-25 20:53:02,797 - INFO - Added translated item 'Shield, medium' to Spanish data.
2026-03-25 20:53:02,797 - INFO - Added translated item 'Leather coat' to Spanish data.
2026-03-25 20:53:02,797 - INFO - Added translated item 'Shield, large' to Spanish data.
2026-03-25 20:53:02,797 - INFO - Added translated item 'CF short coat' to Spanish data.
2026-03-25 20:53:02,797 - INFO - Added translated item 'CF softsuit' to Spanish data.
2026-03-25 20:53:02,797 - INFO - Added translated item 'Deflection harness' to Spanish data.
2026-03-25 20:53:02,797 - INFO - Added translated item 'BodyGuard Ballistic Vest' to Spanish data.
2026-03-25 20:53:02,797 - INFO - Added translated item 'Landsknecht 34 Ballistic Jacket' to Spanish data.
2026-03-25 20:53:02,797 - INFO - Added translated item 'Haramaki long coat' to Spanish data.
2026-03-25 20:53:02,797 - INFO - Added translated item 'Haramaki short jacket' to Spanish data.
2026-03-25 20:53:02,797 - INFO - Added translated item 'Milano GX CF Bodysuit' to Spanish data.
2026-03-25 20:53:02,797 - INFO - Added translated item 'Escudo de cerametal Aegis 650' to Spanish data.
2026-03-25 20:53:02,797 - INFO - Added translated item 'Escudo motorizado SAI' to Spanish data.
2026-03-25 20:53:02,797 - INFO - Added translated item 'Inductor de deflexión Rampart' to Spanish data.
2026-03-25 20:53:02,798 - INFO - Added translated item 'Ablative harness' to Spanish data.
2026-03-25 20:53:02,798 - INFO - Added translated item 'Displacer softsuit' to Spanish data.
2026-03-25 20:53:02,798 - INFO - Added translated item 'Energy web' to Spanish data.
2026-03-25 20:53:02,798 - INFO - Added translated item 'Stealth softsuit' to Spanish data.
2026-03-25 20:53:02,798 - INFO - Added translated item 'Pantalla magnética Anvil 44' to Spanish data.
2026-03-25 20:53:02,798 - INFO - Added translated item 'Pantalla de partículas Alpha 50' to Spanish data.
2026-03-25 20:53:02,798 - INFO - Added translated item 'Pantalla de capacitores SCM-16' to Spanish data.
2026-03-25 20:53:02,798 - INFO - Added translated item 'Chain mail' to Spanish data.
2026-03-25 20:53:02,798 - INFO - Added translated item 'Plate, full' to Spanish data.
2026-03-25 20:53:02,798 - INFO - Added translated item 'Plate, partial' to Spanish data.
2026-03-25 20:53:02,798 - INFO - Added translated item 'Flak jacket' to Spanish data.
2026-03-25 20:53:02,798 - INFO - Added translated item 'Assault gear' to Spanish data.
2026-03-25 20:53:02,798 - INFO - Added translated item 'Battle vest' to Spanish data.
2026-03-25 20:53:02,798 - INFO - Added translated item 'Riot helmet' to Spanish data.
2026-03-25 20:53:02,798 - INFO - Added translated item 'Riot shield' to Spanish data.
2026-03-25 20:53:02,798 - INFO - Added translated item 'Assault gear, hvy' to Spanish data.
2026-03-25 20:53:02,798 - INFO - Added translated item 'Attack armor' to Spanish data.
2026-03-25 20:53:02,798 - INFO - Added translated item 'Battle jacket' to Spanish data.
2026-03-25 20:53:02,798 - INFO - Added translated item 'CF long coat' to Spanish data.
2026-03-25 20:53:02,798 - INFO - Added translated item 'Cerametal armor' to Spanish data.
2026-03-25 20:53:02,798 - INFO - Added translated item 'Battlehawk Zero-G Assault Gear' to Spanish data.
2026-03-25 20:53:02,798 - INFO - Added translated item 'Scout 230 AET Assault Gear' to Spanish data.
2026-03-25 20:53:02,798 - INFO - Added translated item 'Dauntless 29 Attack Armor' to Spanish data.
2026-03-25 20:53:02,798 - INFO - Added translated item 'Ptokh K'se (Armadura T'sa)' to Spanish data.
2026-03-25 20:53:02,798 - INFO - Added translated item 'ACN 4 Cerametal Armor' to Spanish data.
2026-03-25 20:53:02,798 - INFO - Added translated item 'Bushmaster Cerametal Mail' to Spanish data.
2026-03-25 20:53:02,799 - INFO - Added translated item 'Khe! Burund (Malla Weren)' to Spanish data.
2026-03-25 20:53:02,799 - INFO - Added translated item 'Attack armor, pow' to Spanish data.
2026-03-25 20:53:02,799 - INFO - Added translated item 'Body tank' to Spanish data.
2026-03-25 20:53:02,799 - INFO - Added translated item 'Body tank, recon' to Spanish data.
2026-03-25 20:53:02,799 - INFO - Added translated item 'Body tank, zero-g' to Spanish data.
2026-03-25 20:53:02,799 - INFO - Added translated item 'Armadura de reconocimiento Dragoon ABS-11' to Spanish data.
2026-03-25 20:53:02,799 - INFO - Added translated item 'Body tank, over.' to Spanish data.
2026-03-25 20:53:02,799 - INFO - Added translated item 'Tiger Mod 6 Powered Armor' to Spanish data.
2026-03-25 20:53:02,799 - INFO - Added translated item 'ABM-5 Paladin Battle Armor' to Spanish data.
2026-03-25 20:53:02,799 - INFO - Added translated item 'Armadura de asalto Titan AAS-23' to Spanish data.
2026-03-25 20:53:02,799 - INFO - Saving updated files...
2026-03-25 20:53:02,800 - INFO - Saved site/data/armor.json.
2026-03-25 20:53:02,801 - INFO - Saved site/data/armor.es.json.
2026-03-25 20:53:02,801 - INFO - Armor update batch 2 completed.
2026-03-25 20:54:00,843 - INFO - Starting armor update batch 2...
2026-03-25 20:54:00,844 - INFO - Loading site/data/armor.json...
2026-03-25 20:54:00,844 - INFO - Loaded site/data/armor.json successfully.
2026-03-25 20:54:00,844 - INFO - Applying updates to English data...
2026-03-25 20:54:00,844 - INFO - Adding items to group 'PL 7'...
2026-03-25 20:54:00,844 - INFO - No new items to add to group 'PL 7' (they already exist).
2026-03-25 20:54:00,844 - INFO - Adding items to group 'PL 8'...
2026-03-25 20:54:00,844 - INFO - No new items to add to group 'PL 8' (they already exist).
2026-03-25 20:54:00,844 - INFO - Adding items to group 'PL 7'...
2026-03-25 20:54:00,844 - INFO - No new items to add to group 'PL 7' (they already exist).
2026-03-25 20:54:00,844 - INFO - Adding items to group 'PL 8'...
2026-03-25 20:54:00,844 - INFO - No new items to add to group 'PL 8' (they already exist).
2026-03-25 20:54:00,844 - INFO - Adding items to group 'PL 7'...
2026-03-25 20:54:00,844 - INFO - No new items to add to group 'PL 7' (they already exist).
2026-03-25 20:54:00,844 - INFO - Adding items to group 'PL 8'...
2026-03-25 20:54:00,844 - INFO - No new items to add to group 'PL 8' (they already exist).
2026-03-25 20:54:00,844 - INFO - Loading site/data/armor.es.json...
2026-03-25 20:54:00,844 - INFO - Applying translations to Spanish data...
2026-03-25 20:54:00,845 - INFO - Saving updated files...
2026-03-25 20:54:00,845 - INFO - Saved site/data/armor.json.
2026-03-25 20:54:00,847 - INFO - Saved site/data/armor.es.json.
2026-03-25 20:54:00,847 - INFO - Armor update batch 2 completed.
